Time resolution is 1 ps
Stim  A B C D | Y_a Y_b | Exp_a Exp_b
0 0 0 0 |  0   1 |   0    1
0 0 0 1 |  1   0 |   1    0
0 0 1 0 |  0   0 |   0    0
0 0 1 1 |  1   0 |   1    0
0 1 0 0 |  0   1 |   0    1
0 1 0 1 |  1   0 |   1    0
0 1 1 0 |  0   1 |   0    1
0 1 1 1 |  1   0 |   1    0
1 0 0 0 |  0   1 |   0    1
1 0 0 1 |  0   0 |   0    0
1 0 1 0 |  0   0 |   0    0
1 0 1 1 |  0   0 |   0    0
1 1 0 0 |  0   1 |   0    1
1 1 0 1 |  0   1 |   0    1
1 1 1 0 |  0   1 |   0    1
1 1 1 1 |  0   1 |   0    1
All Testcases Passed!
$finish called at time : 16 ns : File "C:/Users/ryanm/Documents/GitHub/project_5/project_5.srcs/sim_1/imports/lab5/test.v" Line 59
